SEED_START 501
CWSTEP seed 501 step 0 chose 0 [] region false
CWSTEP seed 501 step 1 chose 0 [] region false
CWSTEP seed 501 step 2 chose 0 [] region false
REPEAT seed 501 step 4 ce [(0, 1, 1, 1, 0)] groups ["0:[0]:act7 : r0.c2=2 => t15005", "1:[0, 1]:act7 : same(r0,r1;c1) => t15005"]
REPEAT seed 501 step 4 query 1 ce [(0, 1, 1, 1, 0)]
REPEAT seed 501 step 4 query 2 ce [(0, 1, 1, 1, 0)]
REPEAT seed 501 step 4 query 3 ce [(0, 1, 1, 1, 0)]
REPEAT seed 501 step 4 query 4 ce [(0, 1, 1, 1, 0)]
REPEAT seed 501 step 4 query 5 ce [(0, 1, 1, 1, 0)]
REPEAT seed 501 step 4 query 6 ce [(0, 1, 1, 1, 0)]
REPEAT seed 501 step 4 query 7 ce [(0, 1, 1, 1, 0)]
REPEAT seed 501 step 4 query 8 ce [(0, 1, 1, 1, 0)]
REPEAT seed 501 step 4 query 9 ce [(0, 1, 1, 1, 0)]
REPEAT seed 501 step 4 query 10 ce [(0, 1, 1, 1, 0)]
REPEAT seed 501 step 4 query 11 ce [(0, 1, 1, 1, 0)]
REPEAT seed 501 step 9 ce [(0, 1, 1, 1, 0)] groups ["0:[0]:act7 : r0.c2=2 => t15005", "1:[0, 1]:act7 : same(r0,r1;c1) => t15005"]
REPEAT seed 501 step 9 query 1 ce [(0, 1, 1, 1, 0)]
REPEAT seed 501 step 9 query 2 ce [(0, 1, 1, 1, 0)]
REPEAT seed 501 step 9 query 3 ce [(0, 1, 1, 1, 0)]
REPEAT seed 501 step 9 query 4 ce [(0, 1, 1, 1, 0)]
REPEAT seed 501 step 9 query 5 ce [(0, 1, 1, 1, 0)]
REPEAT seed 501 step 9 query 6 ce [(0, 1, 1, 1, 0)]
REPEAT seed 501 step 9 query 7 ce [(0, 1, 1, 1, 0)]
REPEAT seed 501 step 9 query 8 ce [(0, 1, 1, 1, 0)]
REPEAT seed 501 step 9 query 9 ce [(0, 1, 1, 1, 0)]
REPEAT seed 501 step 9 query 10 ce [(0, 1, 1, 1, 0)]
REPEAT seed 501 step 9 query 11 ce [(0, 1, 1, 1, 0)]
REPEAT seed 501 step 14 ce [] groups ["0:[0]:act7 : r0.c2=2 => t15005"]
REPEAT seed 501 step 14 query 1 ce []
REPEAT seed 501 step 14 query 2 ce []
REPEAT seed 501 step 14 query 3 ce []
REPEAT seed 501 step 14 query 4 ce []
REPEAT seed 501 step 14 query 5 ce []
REPEAT seed 501 step 14 query 6 ce []
REPEAT seed 501 step 14 query 7 ce []
REPEAT seed 501 step 14 query 8 ce []
REPEAT seed 501 step 14 query 9 ce []
REPEAT seed 501 step 14 query 10 ce []
REPEAT seed 501 step 14 query 11 ce []
REPEAT seed 501 step 19 ce [] groups ["0:[0]:act7 : r0.c2=2 => t15005"]
REPEAT seed 501 step 19 query 1 ce []
REPEAT seed 501 step 19 query 2 ce []
REPEAT seed 501 step 19 query 3 ce []
REPEAT seed 501 step 19 query 4 ce []
REPEAT seed 501 step 19 query 5 ce []
REPEAT seed 501 step 19 query 6 ce []
REPEAT seed 501 step 19 query 7 ce []
REPEAT seed 501 step 19 query 8 ce []
REPEAT seed 501 step 19 query 9 ce []
REPEAT seed 501 step 19 query 10 ce []
REPEAT seed 501 step 19 query 11 ce []
SEED_END 501 wall 304.3 s working set 18 MB peak 2735 MB
SEED_START 502
CWSTEP seed 502 step 0 chose 0 [] region false
CWSTEP seed 502 step 1 chose 0 [] region false
CWSTEP seed 502 step 2 chose 0 [] region false
REPEAT seed 502 step 4 ce [(0, 1, 1, 1, 0)] groups ["0:[0]:act7 : r0.c2=2 => t15005", "1:[0, 1]:act7 : same(r0,r1;c1) => t15005"]
REPEAT seed 502 step 4 query 1 ce [(0, 1, 1, 1, 0)]
REPEAT seed 502 step 4 query 2 ce [(0, 1, 1, 1, 0)]
REPEAT seed 502 step 4 query 3 ce [(0, 1, 1, 1, 0)]
REPEAT seed 502 step 4 query 4 ce [(0, 1, 1, 1, 0)]
REPEAT seed 502 step 4 query 5 ce [(0, 1, 1, 1, 0)]
REPEAT seed 502 step 4 query 6 ce [(0, 1, 1, 1, 0)]
REPEAT seed 502 step 4 query 7 ce [(0, 1, 1, 1, 0)]
REPEAT seed 502 step 4 query 8 ce [(0, 1, 1, 1, 0)]
REPEAT seed 502 step 4 query 9 ce [(0, 1, 1, 1, 0)]
REPEAT seed 502 step 4 query 10 ce [(0, 1, 1, 1, 0)]
REPEAT seed 502 step 4 query 11 ce [(0, 1, 1, 1, 0)]
REPEAT seed 502 step 9 ce [(0, 1, 1, 1, 0)] groups ["0:[0]:act7 : r0.c2=2 => t15005", "1:[0, 1]:act7 : same(r0,r1;c1) => t15005"]
REPEAT seed 502 step 9 query 1 ce [(0, 1, 1, 1, 0)]
REPEAT seed 502 step 9 query 2 ce [(0, 1, 1, 1, 0)]
REPEAT seed 502 step 9 query 3 ce [(0, 1, 1, 1, 0)]
REPEAT seed 502 step 9 query 4 ce [(0, 1, 1, 1, 0)]
REPEAT seed 502 step 9 query 5 ce [(0, 1, 1, 1, 0)]
REPEAT seed 502 step 9 query 6 ce [(0, 1, 1, 1, 0)]
REPEAT seed 502 step 9 query 7 ce [(0, 1, 1, 1, 0)]
REPEAT seed 502 step 9 query 8 ce [(0, 1, 1, 1, 0)]
REPEAT seed 502 step 9 query 9 ce [(0, 1, 1, 1, 0)]
REPEAT seed 502 step 9 query 10 ce [(0, 1, 1, 1, 0)]
REPEAT seed 502 step 9 query 11 ce [(0, 1, 1, 1, 0)]
REPEAT seed 502 step 14 ce [] groups ["0:[0]:act7 : r0.c2=2 => t15005"]
REPEAT seed 502 step 14 query 1 ce []
REPEAT seed 502 step 14 query 2 ce []
REPEAT seed 502 step 14 query 3 ce []
REPEAT seed 502 step 14 query 4 ce []
REPEAT seed 502 step 14 query 5 ce []
REPEAT seed 502 step 14 query 6 ce []
REPEAT seed 502 step 14 query 7 ce []
REPEAT seed 502 step 14 query 8 ce []
REPEAT seed 502 step 14 query 9 ce []
REPEAT seed 502 step 14 query 10 ce []
REPEAT seed 502 step 14 query 11 ce []
REPEAT seed 502 step 19 ce [] groups ["0:[0]:act7 : r0.c2=2 => t15005"]
REPEAT seed 502 step 19 query 1 ce []
REPEAT seed 502 step 19 query 2 ce []
REPEAT seed 502 step 19 query 3 ce []
REPEAT seed 502 step 19 query 4 ce []
REPEAT seed 502 step 19 query 5 ce []
REPEAT seed 502 step 19 query 6 ce []
REPEAT seed 502 step 19 query 7 ce []
REPEAT seed 502 step 19 query 8 ce []
REPEAT seed 502 step 19 query 9 ce []
REPEAT seed 502 step 19 query 10 ce []
REPEAT seed 502 step 19 query 11 ce []
SEED_END 502 wall 291.4 s working set 20 MB peak 2735 MB
SEED_START 503
CWSTEP seed 503 step 0 chose 0 [] region false
CWSTEP seed 503 step 1 chose 0 [] region false
CWSTEP seed 503 step 2 chose 0 [] region false
REPEAT seed 503 step 4 ce [(0, 1, 1, 0, 1)] groups ["0:[0]:act7 : r0.c2=2 => t15005", "1:[0, 1]:act7 : same(r0,r1;c1) => t15005"]
REPEAT seed 503 step 4 query 1 ce [(0, 1, 1, 0, 1)]
REPEAT seed 503 step 4 query 2 ce [(0, 1, 1, 0, 1)]
REPEAT seed 503 step 4 query 3 ce [(0, 1, 1, 0, 1)]
REPEAT seed 503 step 4 query 4 ce [(0, 1, 1, 0, 1)]
REPEAT seed 503 step 4 query 5 ce [(0, 1, 1, 0, 1)]
REPEAT seed 503 step 4 query 6 ce [(0, 1, 1, 0, 1)]
REPEAT seed 503 step 4 query 7 ce [(0, 1, 1, 0, 1)]
REPEAT seed 503 step 4 query 8 ce [(0, 1, 1, 0, 1)]
REPEAT seed 503 step 4 query 9 ce [(0, 1, 1, 0, 1)]
REPEAT seed 503 step 4 query 10 ce [(0, 1, 1, 0, 1)]
REPEAT seed 503 step 4 query 11 ce [(0, 1, 1, 0, 1)]
REPEAT seed 503 step 4 query 12 ce [(0, 1, 1, 0, 1)]
REPEAT seed 503 step 4 query 13 ce [(0, 1, 1, 0, 1)]
REPEAT seed 503 step 4 query 14 ce [(0, 1, 1, 0, 1)]
REPEAT seed 503 step 4 query 15 ce [(0, 1, 1, 0, 1)]
REPEAT seed 503 step 4 query 16 ce [(0, 1, 1, 0, 1)]
REPEAT seed 503 step 4 query 17 ce [(0, 1, 1, 0, 1)]
REPEAT seed 503 step 4 query 18 ce [(0, 1, 1, 0, 1)]
REPEAT seed 503 step 4 query 19 ce [(0, 1, 1, 0, 1)]
REPEAT seed 503 step 4 query 20 ce [(0, 1, 1, 0, 1)]
REPEAT seed 503 step 4 query 21 ce [(0, 1, 1, 0, 1)]
REPEAT seed 503 step 4 query 22 ce [(0, 1, 1, 0, 1)]
REPEAT seed 503 step 4 query 23 ce [(0, 1, 1, 0, 1)]
REPEAT seed 503 step 4 query 24 ce [(0, 1, 1, 0, 1)]
REPEAT seed 503 step 4 query 25 ce [(0, 1, 1, 0, 1)]
REPEAT seed 503 step 9 ce [(0, 1, 1, 0, 1)] groups ["0:[0]:act7 : r0.c2=2 => t15005", "1:[0, 1]:act7 : same(r0,r1;c1) => t15005"]
REPEAT seed 503 step 9 query 1 ce [(0, 1, 1, 0, 1)]
REPEAT seed 503 step 9 query 2 ce [(0, 1, 1, 0, 1)]
REPEAT seed 503 step 9 query 3 ce [(0, 1, 1, 0, 1)]
REPEAT seed 503 step 9 query 4 ce [(0, 1, 1, 0, 1)]
REPEAT seed 503 step 9 query 5 ce [(0, 1, 1, 0, 1)]
REPEAT seed 503 step 9 query 6 ce [(0, 1, 1, 0, 1)]
REPEAT seed 503 step 9 query 7 ce [(0, 1, 1, 0, 1)]
REPEAT seed 503 step 9 query 8 ce [(0, 1, 1, 0, 1)]
REPEAT seed 503 step 9 query 9 ce [(0, 1, 1, 0, 1)]
REPEAT seed 503 step 9 query 10 ce [(0, 1, 1, 0, 1)]
REPEAT seed 503 step 9 query 11 ce [(0, 1, 1, 0, 1)]
REPEAT seed 503 step 9 query 12 ce [(0, 1, 1, 0, 1)]
REPEAT seed 503 step 9 query 13 ce [(0, 1, 1, 0, 1)]
REPEAT seed 503 step 9 query 14 ce [(0, 1, 1, 0, 1)]
REPEAT seed 503 step 9 query 15 ce [(0, 1, 1, 0, 1)]
REPEAT seed 503 step 9 query 16 ce [(0, 1, 1, 0, 1)]
REPEAT seed 503 step 9 query 17 ce [(0, 1, 1, 0, 1)]
REPEAT seed 503 step 9 query 18 ce [(0, 1, 1, 0, 1)]
REPEAT seed 503 step 9 query 19 ce [(0, 1, 1, 0, 1)]
REPEAT seed 503 step 9 query 20 ce [(0, 1, 1, 0, 1)]
REPEAT seed 503 step 9 query 21 ce [(0, 1, 1, 0, 1)]
REPEAT seed 503 step 9 query 22 ce [(0, 1, 1, 0, 1)]
REPEAT seed 503 step 9 query 23 ce [(0, 1, 1, 0, 1)]
REPEAT seed 503 step 9 query 24 ce [(0, 1, 1, 0, 1)]
REPEAT seed 503 step 9 query 25 ce [(0, 1, 1, 0, 1)]
REPEAT seed 503 step 14 ce [] groups ["1:[0, 1]:act7 : same(r0,r1;c1) => t15005"]
REPEAT seed 503 step 14 query 1 ce []
REPEAT seed 503 step 14 query 2 ce []
REPEAT seed 503 step 14 query 3 ce []
REPEAT seed 503 step 14 query 4 ce []
REPEAT seed 503 step 14 query 5 ce []
REPEAT seed 503 step 14 query 6 ce []
REPEAT seed 503 step 14 query 7 ce []
REPEAT seed 503 step 14 query 8 ce []
REPEAT seed 503 step 14 query 9 ce []
REPEAT seed 503 step 14 query 10 ce []
REPEAT seed 503 step 14 query 11 ce []
REPEAT seed 503 step 14 query 12 ce []
REPEAT seed 503 step 14 query 13 ce []
REPEAT seed 503 step 14 query 14 ce []
REPEAT seed 503 step 14 query 15 ce []
REPEAT seed 503 step 14 query 16 ce []
REPEAT seed 503 step 14 query 17 ce []
REPEAT seed 503 step 14 query 18 ce []
REPEAT seed 503 step 14 query 19 ce []
REPEAT seed 503 step 14 query 20 ce []
REPEAT seed 503 step 14 query 21 ce []
REPEAT seed 503 step 14 query 22 ce []
REPEAT seed 503 step 14 query 23 ce []
REPEAT seed 503 step 14 query 24 ce []
REPEAT seed 503 step 14 query 25 ce []
REPEAT seed 503 step 19 ce [] groups ["1:[0, 1]:act7 : same(r0,r1;c1) => t15005"]
REPEAT seed 503 step 19 query 1 ce []
REPEAT seed 503 step 19 query 2 ce []
REPEAT seed 503 step 19 query 3 ce []
REPEAT seed 503 step 19 query 4 ce []
REPEAT seed 503 step 19 query 5 ce []
REPEAT seed 503 step 19 query 6 ce []
REPEAT seed 503 step 19 query 7 ce []
REPEAT seed 503 step 19 query 8 ce []
REPEAT seed 503 step 19 query 9 ce []
REPEAT seed 503 step 19 query 10 ce []
REPEAT seed 503 step 19 query 11 ce []
REPEAT seed 503 step 19 query 12 ce []
REPEAT seed 503 step 19 query 13 ce []
REPEAT seed 503 step 19 query 14 ce []
REPEAT seed 503 step 19 query 15 ce []
REPEAT seed 503 step 19 query 16 ce []
REPEAT seed 503 step 19 query 17 ce []
REPEAT seed 503 step 19 query 18 ce []
REPEAT seed 503 step 19 query 19 ce []
REPEAT seed 503 step 19 query 20 ce []
REPEAT seed 503 step 19 query 21 ce []
REPEAT seed 503 step 19 query 22 ce []
REPEAT seed 503 step 19 query 23 ce []
REPEAT seed 503 step 19 query 24 ce []
REPEAT seed 503 step 19 query 25 ce []
SEED_END 503 wall 295.2 s working set 22 MB peak 2735 MB
SEED_START 504
CWSTEP seed 504 step 0 chose 0 [] region false
CWSTEP seed 504 step 1 chose 0 [] region false
CWSTEP seed 504 step 2 chose 0 [] region false
REPEAT seed 504 step 4 ce [(0, 1, 1, 0, 1)] groups ["0:[0]:act7 : r0.c2=2 => t15005", "1:[0, 1]:act7 : same(r0,r1;c1) => t15005"]
REPEAT seed 504 step 4 query 1 ce [(0, 1, 1, 0, 1)]
REPEAT seed 504 step 4 query 2 ce [(0, 1, 1, 0, 1)]
REPEAT seed 504 step 4 query 3 ce [(0, 1, 1, 0, 1)]
REPEAT seed 504 step 4 query 4 ce [(0, 1, 1, 0, 1)]
REPEAT seed 504 step 4 query 5 ce [(0, 1, 1, 0, 1)]
REPEAT seed 504 step 4 query 6 ce [(0, 1, 1, 0, 1)]
REPEAT seed 504 step 4 query 7 ce [(0, 1, 1, 0, 1)]
REPEAT seed 504 step 4 query 8 ce [(0, 1, 1, 0, 1)]
REPEAT seed 504 step 4 query 9 ce [(0, 1, 1, 0, 1)]
REPEAT seed 504 step 4 query 10 ce [(0, 1, 1, 0, 1)]
REPEAT seed 504 step 4 query 11 ce [(0, 1, 1, 0, 1)]
REPEAT seed 504 step 4 query 12 ce [(0, 1, 1, 0, 1)]
REPEAT seed 504 step 4 query 13 ce [(0, 1, 1, 0, 1)]
REPEAT seed 504 step 4 query 14 ce [(0, 1, 1, 0, 1)]
REPEAT seed 504 step 4 query 15 ce [(0, 1, 1, 0, 1)]
REPEAT seed 504 step 4 query 16 ce [(0, 1, 1, 0, 1)]
REPEAT seed 504 step 4 query 17 ce [(0, 1, 1, 0, 1)]
REPEAT seed 504 step 4 query 18 ce [(0, 1, 1, 0, 1)]
REPEAT seed 504 step 9 ce [(0, 1, 1, 0, 1)] groups ["0:[0]:act7 : r0.c2=2 => t15005", "1:[0, 1]:act7 : same(r0,r1;c1) => t15005"]
REPEAT seed 504 step 9 query 1 ce [(0, 1, 1, 0, 1)]
REPEAT seed 504 step 9 query 2 ce [(0, 1, 1, 0, 1)]
REPEAT seed 504 step 9 query 3 ce [(0, 1, 1, 0, 1)]
REPEAT seed 504 step 9 query 4 ce [(0, 1, 1, 0, 1)]
REPEAT seed 504 step 9 query 5 ce [(0, 1, 1, 0, 1)]
REPEAT seed 504 step 9 query 6 ce [(0, 1, 1, 0, 1)]
REPEAT seed 504 step 9 query 7 ce [(0, 1, 1, 0, 1)]
REPEAT seed 504 step 9 query 8 ce [(0, 1, 1, 0, 1)]
REPEAT seed 504 step 9 query 9 ce [(0, 1, 1, 0, 1)]
REPEAT seed 504 step 9 query 10 ce [(0, 1, 1, 0, 1)]
REPEAT seed 504 step 9 query 11 ce [(0, 1, 1, 0, 1)]
REPEAT seed 504 step 9 query 12 ce [(0, 1, 1, 0, 1)]
REPEAT seed 504 step 9 query 13 ce [(0, 1, 1, 0, 1)]
REPEAT seed 504 step 9 query 14 ce [(0, 1, 1, 0, 1)]
REPEAT seed 504 step 9 query 15 ce [(0, 1, 1, 0, 1)]
REPEAT seed 504 step 9 query 16 ce [(0, 1, 1, 0, 1)]
REPEAT seed 504 step 9 query 17 ce [(0, 1, 1, 0, 1)]
REPEAT seed 504 step 9 query 18 ce [(0, 1, 1, 0, 1)]
REPEAT seed 504 step 14 ce [] groups ["1:[0, 1]:act7 : same(r0,r1;c1) => t15005"]
REPEAT seed 504 step 14 query 1 ce []
REPEAT seed 504 step 14 query 2 ce []
REPEAT seed 504 step 14 query 3 ce []
REPEAT seed 504 step 14 query 4 ce []
REPEAT seed 504 step 14 query 5 ce []
REPEAT seed 504 step 14 query 6 ce []
REPEAT seed 504 step 14 query 7 ce []
REPEAT seed 504 step 14 query 8 ce []
REPEAT seed 504 step 14 query 9 ce []
REPEAT seed 504 step 14 query 10 ce []
REPEAT seed 504 step 14 query 11 ce []
REPEAT seed 504 step 14 query 12 ce []
REPEAT seed 504 step 14 query 13 ce []
REPEAT seed 504 step 14 query 14 ce []
REPEAT seed 504 step 14 query 15 ce []
REPEAT seed 504 step 14 query 16 ce []
REPEAT seed 504 step 14 query 17 ce []
REPEAT seed 504 step 14 query 18 ce []
REPEAT seed 504 step 19 ce [] groups ["1:[0, 1]:act7 : same(r0,r1;c1) => t15005"]
REPEAT seed 504 step 19 query 1 ce []
REPEAT seed 504 step 19 query 2 ce []
REPEAT seed 504 step 19 query 3 ce []
REPEAT seed 504 step 19 query 4 ce []
REPEAT seed 504 step 19 query 5 ce []
REPEAT seed 504 step 19 query 6 ce []
REPEAT seed 504 step 19 query 7 ce []
REPEAT seed 504 step 19 query 8 ce []
REPEAT seed 504 step 19 query 9 ce []
REPEAT seed 504 step 19 query 10 ce []
REPEAT seed 504 step 19 query 11 ce []
REPEAT seed 504 step 19 query 12 ce []
REPEAT seed 504 step 19 query 13 ce []
REPEAT seed 504 step 19 query 14 ce []
REPEAT seed 504 step 19 query 15 ce []
REPEAT seed 504 step 19 query 16 ce []
REPEAT seed 504 step 19 query 17 ce []
REPEAT seed 504 step 19 query 18 ce []
SEED_END 504 wall 542.9 s working set 26 MB peak 3671 MB
SEED_START 505
CWSTEP seed 505 step 0 chose 7 [11, 9] region false
CWSTEP seed 505 step 1 chose 0 [] region false
CWSTEP seed 505 step 2 chose 7 [10, 18] region false
REPEAT seed 505 step 4 ce [(0, 1, 1, 0, 1)] groups ["0:[0]:act7 : r0.c2=2 => t15005", "1:[0, 1]:act7 : same(r0,r1;c1) => t15005"]
REPEAT seed 505 step 4 query 1 ce [(0, 1, 1, 0, 1)]
REPEAT seed 505 step 4 query 2 ce [(0, 1, 1, 0, 1)]
REPEAT seed 505 step 4 query 3 ce [(0, 1, 1, 0, 1)]
REPEAT seed 505 step 4 query 4 ce [(0, 1, 1, 0, 1)]
REPEAT seed 505 step 4 query 5 ce [(0, 1, 1, 0, 1)]
REPEAT seed 505 step 4 query 6 ce [(0, 1, 1, 0, 1)]
REPEAT seed 505 step 4 query 7 ce [(0, 1, 1, 0, 1)]
REPEAT seed 505 step 4 query 8 ce [(0, 1, 1, 0, 1)]
REPEAT seed 505 step 4 query 9 ce [(0, 1, 1, 0, 1)]
REPEAT seed 505 step 4 query 10 ce [(0, 1, 1, 0, 1)]
REPEAT seed 505 step 4 query 11 ce [(0, 1, 1, 0, 1)]
REPEAT seed 505 step 4 query 12 ce [(0, 1, 1, 0, 1)]
REPEAT seed 505 step 4 query 13 ce [(0, 1, 1, 0, 1)]
REPEAT seed 505 step 4 query 14 ce [(0, 1, 1, 0, 1)]
REPEAT seed 505 step 4 query 15 ce [(0, 1, 1, 0, 1)]
REPEAT seed 505 step 9 ce [(0, 1, 1, 0, 1)] groups ["0:[0]:act7 : r0.c2=2 => t15005", "1:[0, 1]:act7 : same(r0,r1;c1) => t15005"]
REPEAT seed 505 step 9 query 1 ce [(0, 1, 1, 0, 1)]
REPEAT seed 505 step 9 query 2 ce [(0, 1, 1, 0, 1)]
REPEAT seed 505 step 9 query 3 ce [(0, 1, 1, 0, 1)]
REPEAT seed 505 step 9 query 4 ce [(0, 1, 1, 0, 1)]
REPEAT seed 505 step 9 query 5 ce [(0, 1, 1, 0, 1)]
REPEAT seed 505 step 9 query 6 ce [(0, 1, 1, 0, 1)]
REPEAT seed 505 step 9 query 7 ce [(0, 1, 1, 0, 1)]
REPEAT seed 505 step 9 query 8 ce [(0, 1, 1, 0, 1)]
REPEAT seed 505 step 9 query 9 ce [(0, 1, 1, 0, 1)]
REPEAT seed 505 step 9 query 10 ce [(0, 1, 1, 0, 1)]
REPEAT seed 505 step 9 query 11 ce [(0, 1, 1, 0, 1)]
REPEAT seed 505 step 9 query 12 ce [(0, 1, 1, 0, 1)]
REPEAT seed 505 step 9 query 13 ce [(0, 1, 1, 0, 1)]
REPEAT seed 505 step 9 query 14 ce [(0, 1, 1, 0, 1)]
REPEAT seed 505 step 9 query 15 ce [(0, 1, 1, 0, 1)]
REPEAT seed 505 step 14 ce [] groups ["1:[0, 1]:act7 : same(r0,r1;c1) => t15005"]
REPEAT seed 505 step 14 query 1 ce []
REPEAT seed 505 step 14 query 2 ce []
REPEAT seed 505 step 14 query 3 ce []
REPEAT seed 505 step 14 query 4 ce []
REPEAT seed 505 step 14 query 5 ce []
REPEAT seed 505 step 14 query 6 ce []
REPEAT seed 505 step 14 query 7 ce []
REPEAT seed 505 step 14 query 8 ce []
REPEAT seed 505 step 14 query 9 ce []
REPEAT seed 505 step 14 query 10 ce []
REPEAT seed 505 step 14 query 11 ce []
REPEAT seed 505 step 14 query 12 ce []
REPEAT seed 505 step 14 query 13 ce []
REPEAT seed 505 step 14 query 14 ce []
REPEAT seed 505 step 14 query 15 ce []
REPEAT seed 505 step 19 ce [] groups ["1:[0, 1]:act7 : same(r0,r1;c1) => t15005"]
REPEAT seed 505 step 19 query 1 ce []
REPEAT seed 505 step 19 query 2 ce []
REPEAT seed 505 step 19 query 3 ce []
REPEAT seed 505 step 19 query 4 ce []
REPEAT seed 505 step 19 query 5 ce []
REPEAT seed 505 step 19 query 6 ce []
REPEAT seed 505 step 19 query 7 ce []
REPEAT seed 505 step 19 query 8 ce []
REPEAT seed 505 step 19 query 9 ce []
REPEAT seed 505 step 19 query 10 ce []
REPEAT seed 505 step 19 query 11 ce []
REPEAT seed 505 step 19 query 12 ce []
REPEAT seed 505 step 19 query 13 ce []
REPEAT seed 505 step 19 query 14 ce []
REPEAT seed 505 step 19 query 15 ce []
SEED_END 505 wall 482.6 s working set 29 MB peak 3673 MB
