S1WRONG seed 47 query (0,26) truth 0 answered 1; misreads of the query's own arguments [] (all [])
S1WRONG   law #3540 act21 : same(r0,r1;c10) => t15015 => Some(1) | LICENSED | n=386 counter=10 indep=64 int=376 transfer 62/66 utility 267b (int 267b) origin Generated
S1WRONG   law #11898 act21 : delta(r0,r1;c14)=-2 => t15015 => Some(1) | LICENSED | n=206 counter=12 indep=64 int=194 transfer 62/65 utility 109b (int 109b) origin Generated
S1WRONG   all matching licensed: [(4673, 0), (4675, 0), (4676, 0), (3540, 1), (11898, 1), (5825, 0), (930410, 0), (23185, 0), (703575, 0), (703577, 0), (703576, 0), (265693, 0), (930408, 0), (23186, 0), (821322, 0)]
SETTLE seed 605 answer 1 truth 0 (WRONG) groups [(66681, 0), (4673, 0), (4675, 0), (4676, 0), (3540, 1), (5825, 0), (930410, 0), (23185, 0), (703575, 0), (703577, 0), (703576, 0), (265693, 0), (39602, 1), (930408, 0), (23186, 0), (821322, 0)] ce [(0, 1, 3, 0, 3)]
SETTLE   shared episode 95: observed outcome 1; provenance Some(Prov { act: 21, args: [15, 11], region: false, effect: Some(true), misreads: [] })
SETTLE   shared episode 1259: observed outcome 1; provenance Some(Prov { act: 21, args: [15, 39], region: false, effect: Some(true), misreads: [] })
SETTLE   shared episode 2947: observed outcome 1; provenance Some(Prov { act: 21, args: [43, 25], region: false, effect: Some(true), misreads: [] })
SETTLE seed 605 summary: shared episodes 3, truly in region 0, with misreads 0
SETTLE seed 605 answer 1 truth 0 (WRONG) groups [(4673, 0), (72224, 0), (72225, 0), (3540, 1), (5825, 0), (930410, 0), (23185, 0), (703575, 0), (703577, 0), (703576, 0), (265693, 0), (930408, 0), (23186, 0), (821322, 0)] ce [(0, 1, 3, 1, 2)]
SETTLE   shared episode 95: observed outcome 1; provenance Some(Prov { act: 21, args: [15, 11], region: false, effect: Some(true), misreads: [] })
SETTLE   shared episode 1259: observed outcome 1; provenance Some(Prov { act: 21, args: [15, 39], region: false, effect: Some(true), misreads: [] })
SETTLE   shared episode 2973: observed outcome 0; provenance Some(Prov { act: 21, args: [34, 15], region: true, effect: Some(false), misreads: [] })
SETTLE seed 605 summary: shared episodes 3, truly in region 1, with misreads 0
SETTLE seed 605 answer 1 truth 0 (WRONG) groups [(4673, 0), (64259, 0), (64260, 0), (3540, 1), (5825, 0), (930410, 0), (23185, 0), (703575, 0), (703577, 0), (703576, 0), (265693, 0), (930408, 0), (23186, 0), (821322, 0)] ce [(0, 1, 3, 1, 2)]
SETTLE   shared episode 95: observed outcome 1; provenance Some(Prov { act: 21, args: [15, 11], region: false, effect: Some(true), misreads: [] })
SETTLE   shared episode 1259: observed outcome 1; provenance Some(Prov { act: 21, args: [15, 39], region: false, effect: Some(true), misreads: [] })
SETTLE   shared episode 2973: observed outcome 0; provenance Some(Prov { act: 21, args: [34, 15], region: true, effect: Some(false), misreads: [] })
SETTLE seed 605 summary: shared episodes 3, truly in region 1, with misreads 0
SETTLE seed 605 answer 1 truth 0 (WRONG) groups [(4673, 0), (72224, 0), (72225, 0), (3540, 1), (5825, 0), (930410, 0), (23185, 0), (703575, 0), (703577, 0), (703576, 0), (265693, 0), (39602, 1), (930408, 0), (1067640, 1), (23186, 0), (821322, 0)] ce [(0, 1, 3, 1, 2)]
SETTLE   shared episode 95: observed outcome 1; provenance Some(Prov { act: 21, args: [15, 11], region: false, effect: Some(true), misreads: [] })
SETTLE   shared episode 1259: observed outcome 1; provenance Some(Prov { act: 21, args: [15, 39], region: false, effect: Some(true), misreads: [] })
SETTLE   shared episode 2973: observed outcome 0; provenance Some(Prov { act: 21, args: [34, 15], region: true, effect: Some(false), misreads: [] })
SETTLE seed 605 summary: shared episodes 3, truly in region 1, with misreads 0
SETTLE seed 605 answer 1 truth 0 (WRONG) groups [(4673, 0), (72224, 0), (72225, 0), (3540, 1), (5825, 0), (930410, 0), (23185, 0), (703575, 0), (703577, 0), (703576, 0), (265693, 0), (930408, 0), (23186, 0), (821322, 0)] ce [(0, 1, 3, 1, 2)]
SETTLE   shared episode 95: observed outcome 1; provenance Some(Prov { act: 21, args: [15, 11], region: false, effect: Some(true), misreads: [] })
SETTLE   shared episode 1259: observed outcome 1; provenance Some(Prov { act: 21, args: [15, 39], region: false, effect: Some(true), misreads: [] })
SETTLE   shared episode 2973: observed outcome 0; provenance Some(Prov { act: 21, args: [34, 15], region: true, effect: Some(false), misreads: [] })
SETTLE seed 605 summary: shared episodes 3, truly in region 1, with misreads 0
SETTLE seed 605 answer 1 truth 0 (WRONG) groups [(4673, 0), (64259, 0), (64260, 0), (3540, 1), (5825, 0), (930410, 0), (23185, 0), (703575, 0), (703577, 0), (703576, 0), (265693, 0), (930408, 0), (1067640, 1), (23186, 0), (821322, 0)] ce [(0, 1, 3, 1, 2)]
SETTLE   shared episode 95: observed outcome 1; provenance Some(Prov { act: 21, args: [15, 11], region: false, effect: Some(true), misreads: [] })
SETTLE   shared episode 1259: observed outcome 1; provenance Some(Prov { act: 21, args: [15, 39], region: false, effect: Some(true), misreads: [] })
SETTLE   shared episode 2973: observed outcome 0; provenance Some(Prov { act: 21, args: [34, 15], region: true, effect: Some(false), misreads: [] })
SETTLE seed 605 summary: shared episodes 3, truly in region 1, with misreads 0
SETTLE seed 605 answer 1 truth 0 (WRONG) groups [(4673, 0), (4675, 0), (4676, 0), (3540, 1), (5825, 0), (930410, 0), (23185, 0), (703575, 0), (703577, 0), (703576, 0), (265693, 0), (930408, 0), (23186, 0), (821322, 0)] ce [(0, 1, 3, 1, 2)]
SETTLE   shared episode 95: observed outcome 1; provenance Some(Prov { act: 21, args: [15, 11], region: false, effect: Some(true), misreads: [] })
SETTLE   shared episode 1259: observed outcome 1; provenance Some(Prov { act: 21, args: [15, 39], region: false, effect: Some(true), misreads: [] })
SETTLE   shared episode 2973: observed outcome 0; provenance Some(Prov { act: 21, args: [34, 15], region: true, effect: Some(false), misreads: [] })
SETTLE seed 605 summary: shared episodes 3, truly in region 1, with misreads 0
