S1WRONG seed 47 query (0,26) truth 0 answered 1; misreads of the query's own arguments [] (all [])
S1WRONG   law #3540 act21 : same(r0,r1;c10) => t15015 => Some(1) | LICENSED | n=386 counter=10 indep=64 int=376 transfer 62/66 utility 267b (int 267b) origin Generated
S1WRONG   law #11898 act21 : delta(r0,r1;c14)=-2 => t15015 => Some(1) | LICENSED | n=206 counter=12 indep=64 int=194 transfer 62/65 utility 109b (int 109b) origin Generated
S1WRONG   all matching licensed: [(4673, 0), (4675, 0), (4676, 0), (3540, 1), (11898, 1), (5825, 0), (930410, 0), (23185, 0), (703575, 0), (703577, 0), (703576, 0), (265693, 0), (930408, 0), (23186, 0), (821322, 0)]
SETTLE seed 605 answer 1 truth 0 (WRONG) groups [(66681, 0), (4673, 0), (4675, 0), (4676, 0), (3540, 1), (5825, 0), (930410, 0), (23185, 0), (703575, 0), (703577, 0), (703576, 0), (265693, 0), (39602, 1), (930408, 0), (23186, 0), (821322, 0)] ce [(0, 1, 3, 0, 3)]
SETTLE   group law (predicts 0): #66681 act21 : r0.c13=117673 => t15015 => Some(0) | LICENSED | n=45 counter=1 indep=28 int=44 transfer 41/42 utility 31b (int 31b) origin Generated
SETTLE   group law (predicts 0): #4673 act21 : r1.c11=558 => t15015 => Some(0) | LICENSED | n=129 counter=2 indep=64 int=127 transfer 62/64 utility 116b (int 116b) origin Generated
SETTLE   group law (predicts 0): #4675 act21 : r1.c13=300689 => t15015 => Some(0) | LICENSED | n=38 counter=1 indep=25 int=37 transfer 34/35 utility 27b (int 27b) origin Generated
SETTLE   group law (predicts 0): #4676 act21 : r1.c1000=6 => t15015 => Some(0) | LICENSED | n=38 counter=1 indep=25 int=37 transfer 34/35 utility 27b (int 27b) origin Generated
SETTLE   group law (predicts 1): #3540 act21 : same(r0,r1;c10) => t15015 => Some(1) | LICENSED | n=388 counter=10 indep=64 int=378 transfer 62/66 utility 269b (int 269b) origin Generated
SETTLE   group law (predicts 0): #5825 act21 : r0.c11=508 & diff(r0,r1;c11) => t15015 => Some(0) | LICENSED | n=125 counter=2 indep=64 int=123 transfer 62/64 utility 69b (int 69b) origin Refined { parent: 1358 }
SETTLE   group law (predicts 0): #930410 act21 : r2.c11=508 & diff(r1,r2;c11) => t15015 => Some(0) | LICENSED | n=128 counter=2 indep=64 int=126 transfer 32/32 utility 36b (int 36b) origin Refined { parent: 4689 }
SETTLE   group law (predicts 0): #23185 act21 : r3.c11=508 & diff(r1,r3;c11) => t15015 => Some(0) | LICENSED | n=116 counter=1 indep=64 int=115 transfer 61/62 utility 58b (int 58b) origin Refined { parent: 808 }
SETTLE   group law (predicts 0): #703575 act21 : same(r0,r2;c11) & diff(r0,r1;c11) => t15015 => Some(0) | LICENSED | n=129 counter=4 indep=64 int=125 transfer 38/39 utility 52b (int 52b) origin Refined { parent: 1358 }
SETTLE   group law (predicts 0): #703577 act21 : same(r0,r3;c11) & diff(r0,r1;c11) => t15015 => Some(0) | LICENSED | n=121 counter=8 indep=64 int=113 transfer 40/43 utility 32b (int 32b) origin Refined { parent: 1358 }
SETTLE   group law (predicts 0): #703576 act21 : diff(r0,r1;c11) & diff(r1,r2;c11) => t15015 => Some(0) | LICENSED | n=129 counter=4 indep=64 int=125 transfer 38/39 utility 29b (int 29b) origin Refined { parent: 1358 }
SETTLE   group law (predicts 0): #265693 act21 : diff(r0,r1;c11) & diff(r1,r3;c11) => t15015 => Some(0) | LICENSED | n=121 counter=8 indep=64 int=113 transfer 53/56 utility 33b (int 33b) origin Refined { parent: 808 }
SETTLE   group law (predicts 1): #39602 act21 : same(r0,r2;c10) & same(r1,r2;c10) => t15015 => Some(1) | LICENSED | n=61 counter=1 indep=58 int=60 transfer 57/58 utility 29b (int 29b) origin Refined { parent: 803 }
SETTLE   group law (predicts 0): #930408 act21 : same(r0,r2;c11) & diff(r1,r2;c11) => t15015 => Some(0) | LICENSED | n=129 counter=4 indep=64 int=125 transfer 31/32 utility 26b (int 26b) origin Refined { parent: 4689 }
SETTLE   group law (predicts 0): #23186 act21 : same(r0,r3;c11) & diff(r1,r3;c11) => t15015 => Some(0) | LICENSED | n=121 counter=8 indep=64 int=113 transfer 61/66 utility 30b (int 30b) origin Refined { parent: 808 }
SETTLE   group law (predicts 0): #821322 act21 : diff(r1,r2;c11) & diff(r1,r3;c11) => t15015 => Some(0) | LICENSED | n=120 counter=5 indep=64 int=115 transfer 38/39 utility 24b (int 24b) origin Refined { parent: 808 }
SETTLE   shared episode 95: observed outcome 1; members applying [(3540, 1), (703577, 0), (265693, 0), (23186, 0)]; provenance Some(Prov { act: 21, args: [15, 11], region: false, effect: Some(true), misreads: [] })
SETTLE   shared episode 1259: observed outcome 1; members applying [(3540, 1), (703577, 0), (265693, 0), (23186, 0)]; provenance Some(Prov { act: 21, args: [15, 39], region: false, effect: Some(true), misreads: [] })
SETTLE   shared episode 2947: observed outcome 1; members applying [(66681, 0), (3540, 1)]; provenance Some(Prov { act: 21, args: [43, 25], region: false, effect: Some(true), misreads: [] })
SETTLE seed 605 summary: shared episodes 3, truly in region 0, with misreads 0
SETTLE seed 605 answer 1 truth 0 (WRONG) groups [(4673, 0), (72224, 0), (72225, 0), (3540, 1), (5825, 0), (930410, 0), (23185, 0), (703575, 0), (703577, 0), (703576, 0), (265693, 0), (930408, 0), (23186, 0), (821322, 0)] ce [(0, 1, 3, 1, 2)]
SETTLE   group law (predicts 0): #4673 act21 : r1.c11=558 => t15015 => Some(0) | LICENSED | n=130 counter=2 indep=64 int=128 transfer 62/64 utility 117b (int 117b) origin Generated
SETTLE   group law (predicts 0): #72224 act21 : r1.c13=672034 => t15015 => Some(0) | LICENSED | n=44 counter=0 indep=24 int=44 transfer 41/41 utility 37b (int 37b) origin Generated
SETTLE   group law (predicts 0): #72225 act21 : r1.c1000=29 => t15015 => Some(0) | LICENSED | n=44 counter=0 indep=24 int=44 transfer 41/41 utility 22b (int 22b) origin Generated
SETTLE   group law (predicts 1): #3540 act21 : same(r0,r1;c10) => t15015 => Some(1) | LICENSED | n=389 counter=11 indep=64 int=378 transfer 62/66 utility 265b (int 265b) origin Generated
SETTLE   group law (predicts 0): #5825 act21 : r0.c11=508 & diff(r0,r1;c11) => t15015 => Some(0) | LICENSED | n=126 counter=2 indep=64 int=124 transfer 62/64 utility 70b (int 70b) origin Refined { parent: 1358 }
SETTLE   group law (predicts 0): #930410 act21 : r2.c11=508 & diff(r1,r2;c11) => t15015 => Some(0) | LICENSED | n=129 counter=2 indep=64 int=127 transfer 32/32 utility 36b (int 36b) origin Refined { parent: 4689 }
SETTLE   group law (predicts 0): #23185 act21 : r3.c11=508 & diff(r1,r3;c11) => t15015 => Some(0) | LICENSED | n=117 counter=1 indep=64 int=116 transfer 61/62 utility 58b (int 58b) origin Refined { parent: 808 }
SETTLE   group law (predicts 0): #703575 act21 : same(r0,r2;c11) & diff(r0,r1;c11) => t15015 => Some(0) | LICENSED | n=130 counter=4 indep=64 int=126 transfer 38/39 utility 52b (int 52b) origin Refined { parent: 1358 }
SETTLE   group law (predicts 0): #703577 act21 : same(r0,r3;c11) & diff(r0,r1;c11) => t15015 => Some(0) | LICENSED | n=122 counter=8 indep=64 int=114 transfer 40/43 utility 32b (int 32b) origin Refined { parent: 1358 }
SETTLE   group law (predicts 0): #703576 act21 : diff(r0,r1;c11) & diff(r1,r2;c11) => t15015 => Some(0) | LICENSED | n=130 counter=4 indep=64 int=126 transfer 38/39 utility 30b (int 30b) origin Refined { parent: 1358 }
SETTLE   group law (predicts 0): #265693 act21 : diff(r0,r1;c11) & diff(r1,r3;c11) => t15015 => Some(0) | LICENSED | n=122 counter=8 indep=64 int=114 transfer 53/56 utility 34b (int 34b) origin Refined { parent: 808 }
SETTLE   group law (predicts 0): #930408 act21 : same(r0,r2;c11) & diff(r1,r2;c11) => t15015 => Some(0) | LICENSED | n=130 counter=4 indep=64 int=126 transfer 31/32 utility 27b (int 27b) origin Refined { parent: 4689 }
SETTLE   group law (predicts 0): #23186 act21 : same(r0,r3;c11) & diff(r1,r3;c11) => t15015 => Some(0) | LICENSED | n=122 counter=8 indep=64 int=114 transfer 61/66 utility 31b (int 31b) origin Refined { parent: 808 }
SETTLE   group law (predicts 0): #821322 act21 : diff(r1,r2;c11) & diff(r1,r3;c11) => t15015 => Some(0) | LICENSED | n=121 counter=5 indep=64 int=116 transfer 38/39 utility 25b (int 25b) origin Refined { parent: 808 }
SETTLE   shared episode 95: observed outcome 1; members applying [(3540, 1), (703577, 0), (265693, 0), (23186, 0)]; provenance Some(Prov { act: 21, args: [15, 11], region: false, effect: Some(true), misreads: [] })
SETTLE   shared episode 1259: observed outcome 1; members applying [(3540, 1), (703577, 0), (265693, 0), (23186, 0)]; provenance Some(Prov { act: 21, args: [15, 39], region: false, effect: Some(true), misreads: [] })
SETTLE   shared episode 2973: observed outcome 0; members applying [(4673, 0), (72224, 0), (72225, 0), (3540, 1), (5825, 0), (930410, 0), (23185, 0), (703575, 0), (703577, 0), (703576, 0), (265693, 0), (930408, 0), (23186, 0), (821322, 0)]; provenance Some(Prov { act: 21, args: [34, 15], region: true, effect: Some(false), misreads: [] })
SETTLE seed 605 summary: shared episodes 3, truly in region 1, with misreads 0
SETTLE seed 605 answer 1 truth 0 (WRONG) groups [(4673, 0), (64259, 0), (64260, 0), (3540, 1), (5825, 0), (930410, 0), (23185, 0), (703575, 0), (703577, 0), (703576, 0), (265693, 0), (930408, 0), (23186, 0), (821322, 0)] ce [(0, 1, 3, 1, 2)]
SETTLE   group law (predicts 0): #4673 act21 : r1.c11=558 => t15015 => Some(0) | LICENSED | n=130 counter=2 indep=64 int=128 transfer 62/64 utility 117b (int 117b) origin Generated
SETTLE   group law (predicts 0): #64259 act21 : r1.c13=116667 => t15015 => Some(0) | LICENSED | n=48 counter=0 indep=31 int=48 transfer 45/45 utility 43b (int 43b) origin Generated
SETTLE   group law (predicts 0): #64260 act21 : r1.c1000=43 => t15015 => Some(0) | LICENSED | n=47 counter=0 indep=30 int=47 transfer 44/44 utility 23b (int 23b) origin Generated
SETTLE   group law (predicts 1): #3540 act21 : same(r0,r1;c10) => t15015 => Some(1) | LICENSED | n=389 counter=11 indep=64 int=378 transfer 62/66 utility 265b (int 265b) origin Generated
SETTLE   group law (predicts 0): #5825 act21 : r0.c11=508 & diff(r0,r1;c11) => t15015 => Some(0) | LICENSED | n=126 counter=2 indep=64 int=124 transfer 62/64 utility 70b (int 70b) origin Refined { parent: 1358 }
SETTLE   group law (predicts 0): #930410 act21 : r2.c11=508 & diff(r1,r2;c11) => t15015 => Some(0) | LICENSED | n=129 counter=2 indep=64 int=127 transfer 32/32 utility 36b (int 36b) origin Refined { parent: 4689 }
SETTLE   group law (predicts 0): #23185 act21 : r3.c11=508 & diff(r1,r3;c11) => t15015 => Some(0) | LICENSED | n=117 counter=1 indep=64 int=116 transfer 61/62 utility 58b (int 58b) origin Refined { parent: 808 }
SETTLE   group law (predicts 0): #703575 act21 : same(r0,r2;c11) & diff(r0,r1;c11) => t15015 => Some(0) | LICENSED | n=130 counter=4 indep=64 int=126 transfer 38/39 utility 52b (int 52b) origin Refined { parent: 1358 }
SETTLE   group law (predicts 0): #703577 act21 : same(r0,r3;c11) & diff(r0,r1;c11) => t15015 => Some(0) | LICENSED | n=122 counter=8 indep=64 int=114 transfer 40/43 utility 32b (int 32b) origin Refined { parent: 1358 }
SETTLE   group law (predicts 0): #703576 act21 : diff(r0,r1;c11) & diff(r1,r2;c11) => t15015 => Some(0) | LICENSED | n=130 counter=4 indep=64 int=126 transfer 38/39 utility 30b (int 30b) origin Refined { parent: 1358 }
SETTLE   group law (predicts 0): #265693 act21 : diff(r0,r1;c11) & diff(r1,r3;c11) => t15015 => Some(0) | LICENSED | n=122 counter=8 indep=64 int=114 transfer 53/56 utility 34b (int 34b) origin Refined { parent: 808 }
SETTLE   group law (predicts 0): #930408 act21 : same(r0,r2;c11) & diff(r1,r2;c11) => t15015 => Some(0) | LICENSED | n=130 counter=4 indep=64 int=126 transfer 31/32 utility 27b (int 27b) origin Refined { parent: 4689 }
SETTLE   group law (predicts 0): #23186 act21 : same(r0,r3;c11) & diff(r1,r3;c11) => t15015 => Some(0) | LICENSED | n=122 counter=8 indep=64 int=114 transfer 61/66 utility 31b (int 31b) origin Refined { parent: 808 }
SETTLE   group law (predicts 0): #821322 act21 : diff(r1,r2;c11) & diff(r1,r3;c11) => t15015 => Some(0) | LICENSED | n=121 counter=5 indep=64 int=116 transfer 38/39 utility 25b (int 25b) origin Refined { parent: 808 }
SETTLE   shared episode 95: observed outcome 1; members applying [(3540, 1), (703577, 0), (265693, 0), (23186, 0)]; provenance Some(Prov { act: 21, args: [15, 11], region: false, effect: Some(true), misreads: [] })
SETTLE   shared episode 1259: observed outcome 1; members applying [(3540, 1), (703577, 0), (265693, 0), (23186, 0)]; provenance Some(Prov { act: 21, args: [15, 39], region: false, effect: Some(true), misreads: [] })
SETTLE   shared episode 2973: observed outcome 0; members applying [(4673, 0), (3540, 1), (5825, 0), (930410, 0), (23185, 0), (703575, 0), (703577, 0), (703576, 0), (265693, 0), (930408, 0), (23186, 0), (821322, 0)]; provenance Some(Prov { act: 21, args: [34, 15], region: true, effect: Some(false), misreads: [] })
SETTLE seed 605 summary: shared episodes 3, truly in region 1, with misreads 0
SETTLE seed 605 answer 1 truth 0 (WRONG) groups [(4673, 0), (72224, 0), (72225, 0), (3540, 1), (5825, 0), (930410, 0), (23185, 0), (703575, 0), (703577, 0), (703576, 0), (265693, 0), (39602, 1), (930408, 0), (1067640, 1), (23186, 0), (821322, 0)] ce [(0, 1, 3, 1, 2)]
SETTLE   group law (predicts 0): #4673 act21 : r1.c11=558 => t15015 => Some(0) | LICENSED | n=130 counter=2 indep=64 int=128 transfer 62/64 utility 117b (int 117b) origin Generated
SETTLE   group law (predicts 0): #72224 act21 : r1.c13=672034 => t15015 => Some(0) | LICENSED | n=44 counter=0 indep=24 int=44 transfer 41/41 utility 37b (int 37b) origin Generated
SETTLE   group law (predicts 0): #72225 act21 : r1.c1000=29 => t15015 => Some(0) | LICENSED | n=44 counter=0 indep=24 int=44 transfer 41/41 utility 22b (int 22b) origin Generated
SETTLE   group law (predicts 1): #3540 act21 : same(r0,r1;c10) => t15015 => Some(1) | LICENSED | n=389 counter=11 indep=64 int=378 transfer 62/66 utility 265b (int 265b) origin Generated
SETTLE   group law (predicts 0): #5825 act21 : r0.c11=508 & diff(r0,r1;c11) => t15015 => Some(0) | LICENSED | n=126 counter=2 indep=64 int=124 transfer 62/64 utility 70b (int 70b) origin Refined { parent: 1358 }
SETTLE   group law (predicts 0): #930410 act21 : r2.c11=508 & diff(r1,r2;c11) => t15015 => Some(0) | LICENSED | n=129 counter=2 indep=64 int=127 transfer 32/32 utility 36b (int 36b) origin Refined { parent: 4689 }
SETTLE   group law (predicts 0): #23185 act21 : r3.c11=508 & diff(r1,r3;c11) => t15015 => Some(0) | LICENSED | n=117 counter=1 indep=64 int=116 transfer 61/62 utility 58b (int 58b) origin Refined { parent: 808 }
SETTLE   group law (predicts 0): #703575 act21 : same(r0,r2;c11) & diff(r0,r1;c11) => t15015 => Some(0) | LICENSED | n=130 counter=4 indep=64 int=126 transfer 38/39 utility 52b (int 52b) origin Refined { parent: 1358 }
SETTLE   group law (predicts 0): #703577 act21 : same(r0,r3;c11) & diff(r0,r1;c11) => t15015 => Some(0) | LICENSED | n=122 counter=8 indep=64 int=114 transfer 40/43 utility 32b (int 32b) origin Refined { parent: 1358 }
SETTLE   group law (predicts 0): #703576 act21 : diff(r0,r1;c11) & diff(r1,r2;c11) => t15015 => Some(0) | LICENSED | n=130 counter=4 indep=64 int=126 transfer 38/39 utility 30b (int 30b) origin Refined { parent: 1358 }
SETTLE   group law (predicts 0): #265693 act21 : diff(r0,r1;c11) & diff(r1,r3;c11) => t15015 => Some(0) | LICENSED | n=122 counter=8 indep=64 int=114 transfer 53/56 utility 34b (int 34b) origin Refined { parent: 808 }
SETTLE   group law (predicts 1): #39602 act21 : same(r0,r2;c10) & same(r1,r2;c10) => t15015 => Some(1) | LICENSED | n=61 counter=1 indep=58 int=60 transfer 57/58 utility 29b (int 29b) origin Refined { parent: 803 }
SETTLE   group law (predicts 0): #930408 act21 : same(r0,r2;c11) & diff(r1,r2;c11) => t15015 => Some(0) | LICENSED | n=130 counter=4 indep=64 int=126 transfer 31/32 utility 27b (int 27b) origin Refined { parent: 4689 }
SETTLE   group law (predicts 1): #1067640 act21 : same(r0,r3;c10) & same(r1,r3;c10) => t15015 => Some(1) | LICENSED | n=71 counter=2 indep=64 int=69 transfer 45/45 utility 28b (int 28b) origin Refined { parent: 302 }
SETTLE   group law (predicts 0): #23186 act21 : same(r0,r3;c11) & diff(r1,r3;c11) => t15015 => Some(0) | LICENSED | n=122 counter=8 indep=64 int=114 transfer 61/66 utility 31b (int 31b) origin Refined { parent: 808 }
SETTLE   group law (predicts 0): #821322 act21 : diff(r1,r2;c11) & diff(r1,r3;c11) => t15015 => Some(0) | LICENSED | n=121 counter=5 indep=64 int=116 transfer 38/39 utility 25b (int 25b) origin Refined { parent: 808 }
SETTLE   shared episode 95: observed outcome 1; members applying [(3540, 1), (703577, 0), (265693, 0), (23186, 0)]; provenance Some(Prov { act: 21, args: [15, 11], region: false, effect: Some(true), misreads: [] })
SETTLE   shared episode 1259: observed outcome 1; members applying [(3540, 1), (703577, 0), (265693, 0), (23186, 0)]; provenance Some(Prov { act: 21, args: [15, 39], region: false, effect: Some(true), misreads: [] })
SETTLE   shared episode 2973: observed outcome 0; members applying [(4673, 0), (72224, 0), (72225, 0), (3540, 1), (5825, 0), (930410, 0), (23185, 0), (703575, 0), (703577, 0), (703576, 0), (265693, 0), (930408, 0), (23186, 0), (821322, 0)]; provenance Some(Prov { act: 21, args: [34, 15], region: true, effect: Some(false), misreads: [] })
SETTLE seed 605 summary: shared episodes 3, truly in region 1, with misreads 0
SETTLE seed 605 answer 1 truth 0 (WRONG) groups [(4673, 0), (72224, 0), (72225, 0), (3540, 1), (5825, 0), (930410, 0), (23185, 0), (703575, 0), (703577, 0), (703576, 0), (265693, 0), (930408, 0), (23186, 0), (821322, 0)] ce [(0, 1, 3, 1, 2)]
SETTLE   group law (predicts 0): #4673 act21 : r1.c11=558 => t15015 => Some(0) | LICENSED | n=130 counter=2 indep=64 int=128 transfer 62/64 utility 117b (int 117b) origin Generated
SETTLE   group law (predicts 0): #72224 act21 : r1.c13=672034 => t15015 => Some(0) | LICENSED | n=44 counter=0 indep=24 int=44 transfer 41/41 utility 37b (int 37b) origin Generated
SETTLE   group law (predicts 0): #72225 act21 : r1.c1000=29 => t15015 => Some(0) | LICENSED | n=44 counter=0 indep=24 int=44 transfer 41/41 utility 22b (int 22b) origin Generated
SETTLE   group law (predicts 1): #3540 act21 : same(r0,r1;c10) => t15015 => Some(1) | LICENSED | n=389 counter=11 indep=64 int=378 transfer 62/66 utility 265b (int 265b) origin Generated
SETTLE   group law (predicts 0): #5825 act21 : r0.c11=508 & diff(r0,r1;c11) => t15015 => Some(0) | LICENSED | n=126 counter=2 indep=64 int=124 transfer 62/64 utility 70b (int 70b) origin Refined { parent: 1358 }
SETTLE   group law (predicts 0): #930410 act21 : r2.c11=508 & diff(r1,r2;c11) => t15015 => Some(0) | LICENSED | n=129 counter=2 indep=64 int=127 transfer 32/32 utility 36b (int 36b) origin Refined { parent: 4689 }
SETTLE   group law (predicts 0): #23185 act21 : r3.c11=508 & diff(r1,r3;c11) => t15015 => Some(0) | LICENSED | n=117 counter=1 indep=64 int=116 transfer 61/62 utility 58b (int 58b) origin Refined { parent: 808 }
SETTLE   group law (predicts 0): #703575 act21 : same(r0,r2;c11) & diff(r0,r1;c11) => t15015 => Some(0) | LICENSED | n=130 counter=4 indep=64 int=126 transfer 38/39 utility 52b (int 52b) origin Refined { parent: 1358 }
SETTLE   group law (predicts 0): #703577 act21 : same(r0,r3;c11) & diff(r0,r1;c11) => t15015 => Some(0) | LICENSED | n=122 counter=8 indep=64 int=114 transfer 40/43 utility 32b (int 32b) origin Refined { parent: 1358 }
SETTLE   group law (predicts 0): #703576 act21 : diff(r0,r1;c11) & diff(r1,r2;c11) => t15015 => Some(0) | LICENSED | n=130 counter=4 indep=64 int=126 transfer 38/39 utility 30b (int 30b) origin Refined { parent: 1358 }
SETTLE   group law (predicts 0): #265693 act21 : diff(r0,r1;c11) & diff(r1,r3;c11) => t15015 => Some(0) | LICENSED | n=122 counter=8 indep=64 int=114 transfer 53/56 utility 34b (int 34b) origin Refined { parent: 808 }
SETTLE   group law (predicts 0): #930408 act21 : same(r0,r2;c11) & diff(r1,r2;c11) => t15015 => Some(0) | LICENSED | n=130 counter=4 indep=64 int=126 transfer 31/32 utility 27b (int 27b) origin Refined { parent: 4689 }
SETTLE   group law (predicts 0): #23186 act21 : same(r0,r3;c11) & diff(r1,r3;c11) => t15015 => Some(0) | LICENSED | n=122 counter=8 indep=64 int=114 transfer 61/66 utility 31b (int 31b) origin Refined { parent: 808 }
SETTLE   group law (predicts 0): #821322 act21 : diff(r1,r2;c11) & diff(r1,r3;c11) => t15015 => Some(0) | LICENSED | n=121 counter=5 indep=64 int=116 transfer 38/39 utility 25b (int 25b) origin Refined { parent: 808 }
SETTLE   shared episode 95: observed outcome 1; members applying [(3540, 1), (703577, 0), (265693, 0), (23186, 0)]; provenance Some(Prov { act: 21, args: [15, 11], region: false, effect: Some(true), misreads: [] })
SETTLE   shared episode 1259: observed outcome 1; members applying [(3540, 1), (703577, 0), (265693, 0), (23186, 0)]; provenance Some(Prov { act: 21, args: [15, 39], region: false, effect: Some(true), misreads: [] })
SETTLE   shared episode 2973: observed outcome 0; members applying [(4673, 0), (72224, 0), (72225, 0), (3540, 1), (5825, 0), (930410, 0), (23185, 0), (703575, 0), (703577, 0), (703576, 0), (265693, 0), (930408, 0), (23186, 0), (821322, 0)]; provenance Some(Prov { act: 21, args: [34, 15], region: true, effect: Some(false), misreads: [] })
SETTLE seed 605 summary: shared episodes 3, truly in region 1, with misreads 0
SETTLE seed 605 answer 1 truth 0 (WRONG) groups [(4673, 0), (64259, 0), (64260, 0), (3540, 1), (5825, 0), (930410, 0), (23185, 0), (703575, 0), (703577, 0), (703576, 0), (265693, 0), (930408, 0), (1067640, 1), (23186, 0), (821322, 0)] ce [(0, 1, 3, 1, 2)]
SETTLE   group law (predicts 0): #4673 act21 : r1.c11=558 => t15015 => Some(0) | LICENSED | n=130 counter=2 indep=64 int=128 transfer 62/64 utility 117b (int 117b) origin Generated
SETTLE   group law (predicts 0): #64259 act21 : r1.c13=116667 => t15015 => Some(0) | LICENSED | n=48 counter=0 indep=31 int=48 transfer 45/45 utility 43b (int 43b) origin Generated
SETTLE   group law (predicts 0): #64260 act21 : r1.c1000=43 => t15015 => Some(0) | LICENSED | n=47 counter=0 indep=30 int=47 transfer 44/44 utility 23b (int 23b) origin Generated
SETTLE   group law (predicts 1): #3540 act21 : same(r0,r1;c10) => t15015 => Some(1) | LICENSED | n=389 counter=11 indep=64 int=378 transfer 62/66 utility 265b (int 265b) origin Generated
SETTLE   group law (predicts 0): #5825 act21 : r0.c11=508 & diff(r0,r1;c11) => t15015 => Some(0) | LICENSED | n=126 counter=2 indep=64 int=124 transfer 62/64 utility 70b (int 70b) origin Refined { parent: 1358 }
SETTLE   group law (predicts 0): #930410 act21 : r2.c11=508 & diff(r1,r2;c11) => t15015 => Some(0) | LICENSED | n=129 counter=2 indep=64 int=127 transfer 32/32 utility 36b (int 36b) origin Refined { parent: 4689 }
SETTLE   group law (predicts 0): #23185 act21 : r3.c11=508 & diff(r1,r3;c11) => t15015 => Some(0) | LICENSED | n=117 counter=1 indep=64 int=116 transfer 61/62 utility 58b (int 58b) origin Refined { parent: 808 }
SETTLE   group law (predicts 0): #703575 act21 : same(r0,r2;c11) & diff(r0,r1;c11) => t15015 => Some(0) | LICENSED | n=130 counter=4 indep=64 int=126 transfer 38/39 utility 52b (int 52b) origin Refined { parent: 1358 }
SETTLE   group law (predicts 0): #703577 act21 : same(r0,r3;c11) & diff(r0,r1;c11) => t15015 => Some(0) | LICENSED | n=122 counter=8 indep=64 int=114 transfer 40/43 utility 32b (int 32b) origin Refined { parent: 1358 }
SETTLE   group law (predicts 0): #703576 act21 : diff(r0,r1;c11) & diff(r1,r2;c11) => t15015 => Some(0) | LICENSED | n=130 counter=4 indep=64 int=126 transfer 38/39 utility 30b (int 30b) origin Refined { parent: 1358 }
SETTLE   group law (predicts 0): #265693 act21 : diff(r0,r1;c11) & diff(r1,r3;c11) => t15015 => Some(0) | LICENSED | n=122 counter=8 indep=64 int=114 transfer 53/56 utility 34b (int 34b) origin Refined { parent: 808 }
SETTLE   group law (predicts 0): #930408 act21 : same(r0,r2;c11) & diff(r1,r2;c11) => t15015 => Some(0) | LICENSED | n=130 counter=4 indep=64 int=126 transfer 31/32 utility 27b (int 27b) origin Refined { parent: 4689 }
SETTLE   group law (predicts 1): #1067640 act21 : same(r0,r3;c10) & same(r1,r3;c10) => t15015 => Some(1) | LICENSED | n=71 counter=2 indep=64 int=69 transfer 45/45 utility 28b (int 28b) origin Refined { parent: 302 }
SETTLE   group law (predicts 0): #23186 act21 : same(r0,r3;c11) & diff(r1,r3;c11) => t15015 => Some(0) | LICENSED | n=122 counter=8 indep=64 int=114 transfer 61/66 utility 31b (int 31b) origin Refined { parent: 808 }
SETTLE   group law (predicts 0): #821322 act21 : diff(r1,r2;c11) & diff(r1,r3;c11) => t15015 => Some(0) | LICENSED | n=121 counter=5 indep=64 int=116 transfer 38/39 utility 25b (int 25b) origin Refined { parent: 808 }
SETTLE   shared episode 95: observed outcome 1; members applying [(3540, 1), (703577, 0), (265693, 0), (23186, 0)]; provenance Some(Prov { act: 21, args: [15, 11], region: false, effect: Some(true), misreads: [] })
SETTLE   shared episode 1259: observed outcome 1; members applying [(3540, 1), (703577, 0), (265693, 0), (23186, 0)]; provenance Some(Prov { act: 21, args: [15, 39], region: false, effect: Some(true), misreads: [] })
SETTLE   shared episode 2973: observed outcome 0; members applying [(4673, 0), (3540, 1), (5825, 0), (930410, 0), (23185, 0), (703575, 0), (703577, 0), (703576, 0), (265693, 0), (930408, 0), (23186, 0), (821322, 0)]; provenance Some(Prov { act: 21, args: [34, 15], region: true, effect: Some(false), misreads: [] })
SETTLE seed 605 summary: shared episodes 3, truly in region 1, with misreads 0
SETTLE seed 605 answer 1 truth 0 (WRONG) groups [(4673, 0), (4675, 0), (4676, 0), (3540, 1), (5825, 0), (930410, 0), (23185, 0), (703575, 0), (703577, 0), (703576, 0), (265693, 0), (930408, 0), (23186, 0), (821322, 0)] ce [(0, 1, 3, 1, 2)]
SETTLE   group law (predicts 0): #4673 act21 : r1.c11=558 => t15015 => Some(0) | LICENSED | n=130 counter=2 indep=64 int=128 transfer 62/64 utility 117b (int 117b) origin Generated
SETTLE   group law (predicts 0): #4675 act21 : r1.c13=300689 => t15015 => Some(0) | LICENSED | n=38 counter=1 indep=25 int=37 transfer 34/35 utility 27b (int 27b) origin Generated
SETTLE   group law (predicts 0): #4676 act21 : r1.c1000=6 => t15015 => Some(0) | LICENSED | n=38 counter=1 indep=25 int=37 transfer 34/35 utility 27b (int 27b) origin Generated
SETTLE   group law (predicts 1): #3540 act21 : same(r0,r1;c10) => t15015 => Some(1) | LICENSED | n=389 counter=11 indep=64 int=378 transfer 62/66 utility 265b (int 265b) origin Generated
SETTLE   group law (predicts 0): #5825 act21 : r0.c11=508 & diff(r0,r1;c11) => t15015 => Some(0) | LICENSED | n=126 counter=2 indep=64 int=124 transfer 62/64 utility 70b (int 70b) origin Refined { parent: 1358 }
SETTLE   group law (predicts 0): #930410 act21 : r2.c11=508 & diff(r1,r2;c11) => t15015 => Some(0) | LICENSED | n=129 counter=2 indep=64 int=127 transfer 32/32 utility 36b (int 36b) origin Refined { parent: 4689 }
SETTLE   group law (predicts 0): #23185 act21 : r3.c11=508 & diff(r1,r3;c11) => t15015 => Some(0) | LICENSED | n=117 counter=1 indep=64 int=116 transfer 61/62 utility 58b (int 58b) origin Refined { parent: 808 }
SETTLE   group law (predicts 0): #703575 act21 : same(r0,r2;c11) & diff(r0,r1;c11) => t15015 => Some(0) | LICENSED | n=130 counter=4 indep=64 int=126 transfer 38/39 utility 52b (int 52b) origin Refined { parent: 1358 }
SETTLE   group law (predicts 0): #703577 act21 : same(r0,r3;c11) & diff(r0,r1;c11) => t15015 => Some(0) | LICENSED | n=122 counter=8 indep=64 int=114 transfer 40/43 utility 32b (int 32b) origin Refined { parent: 1358 }
SETTLE   group law (predicts 0): #703576 act21 : diff(r0,r1;c11) & diff(r1,r2;c11) => t15015 => Some(0) | LICENSED | n=130 counter=4 indep=64 int=126 transfer 38/39 utility 30b (int 30b) origin Refined { parent: 1358 }
SETTLE   group law (predicts 0): #265693 act21 : diff(r0,r1;c11) & diff(r1,r3;c11) => t15015 => Some(0) | LICENSED | n=122 counter=8 indep=64 int=114 transfer 53/56 utility 34b (int 34b) origin Refined { parent: 808 }
SETTLE   group law (predicts 0): #930408 act21 : same(r0,r2;c11) & diff(r1,r2;c11) => t15015 => Some(0) | LICENSED | n=130 counter=4 indep=64 int=126 transfer 31/32 utility 27b (int 27b) origin Refined { parent: 4689 }
SETTLE   group law (predicts 0): #23186 act21 : same(r0,r3;c11) & diff(r1,r3;c11) => t15015 => Some(0) | LICENSED | n=122 counter=8 indep=64 int=114 transfer 61/66 utility 31b (int 31b) origin Refined { parent: 808 }
SETTLE   group law (predicts 0): #821322 act21 : diff(r1,r2;c11) & diff(r1,r3;c11) => t15015 => Some(0) | LICENSED | n=121 counter=5 indep=64 int=116 transfer 38/39 utility 25b (int 25b) origin Refined { parent: 808 }
SETTLE   shared episode 95: observed outcome 1; members applying [(3540, 1), (703577, 0), (265693, 0), (23186, 0)]; provenance Some(Prov { act: 21, args: [15, 11], region: false, effect: Some(true), misreads: [] })
SETTLE   shared episode 1259: observed outcome 1; members applying [(3540, 1), (703577, 0), (265693, 0), (23186, 0)]; provenance Some(Prov { act: 21, args: [15, 39], region: false, effect: Some(true), misreads: [] })
SETTLE   shared episode 2973: observed outcome 0; members applying [(4673, 0), (3540, 1), (5825, 0), (930410, 0), (23185, 0), (703575, 0), (703577, 0), (703576, 0), (265693, 0), (930408, 0), (23186, 0), (821322, 0)]; provenance Some(Prov { act: 21, args: [34, 15], region: true, effect: Some(false), misreads: [] })
SETTLE seed 605 summary: shared episodes 3, truly in region 1, with misreads 0
